// Jest Snapshot v1, https://goo.gl/fbAQLP

exports[`GasPrices renders without crashing 1`] = `
<div
  id="GasPrices"
>
  <Header />
  <Results />
</div>
`;
