// Jest Snapshot v1, https://goo.gl/fbAQLP

exports[`Header renders without crashing 1`] = `
<header>
  <h1>
    Gas Prices Near Me
  </h1>
  <LocationControls />
</header>
`;
